Launching subscribers...
Launching subscribers...
Launching subscribers...
Launching subscribers...
Launching publisher with topic: Core
Launching publisher with topic: Events
Launching subscribers...
